=================================================
Running Standalone Test: Factory Reset
=================================================
Step 1: Ensuring environment exists...
Bringing up DX environment...
SSH key /Users/damien/Development/dxe-bump/dx-test_key already exists; skipping generation.
Image dx-test-nixos already exists; skipping build.
Ensuring nix volume dx-test-nix...
Ensuring persist volume dx-test-persist...
Ensuring bootstrap volume dx-test-bootstrap...
Container dx-test already exists; skipping create.
Container dx-test is already running; skipping start.
Bootstrap content is unchanged; generation 20260830T232037Z-83544 stays current.
Waiting for guest SSH to become responsive...
Bootstrap wait limit: 5465s (approximately 92 minutes). A fresh factory-reset bootstrap can take several minutes.

Guest is ready.
Connecting to DX guest via SSH...
Environment is up
]110\]111\]104\Step 2: Running factory reset...
Performing factory reset...
Stopping DX container: dx-test...
dx-test
Removing container dx-test...
dx-test
Removing image dx-test-nixos...
Reclaimed Zero KB in disk space
Removing volume dx-test-nix...
dx-test-nix
Removing volume dx-test-persist...
dx-test-persist
Removing volume dx-test-bootstrap...
dx-test-bootstrap
Removing SSH keypair (/Users/damien/Development/dxe-bump/dx-test_key, /Users/damien/Development/dxe-bump/dx-test_key.pub)...
Factory reset complete.
Step 3: Asserting destruction...
Step 4: Ensuring environment can be rebuilt from scratch...
Bringing up DX environment...
Generating SSH keypair at /Users/damien/Development/dxe-bump/dx-test_key...
Generating public/private ed25519 key pair.
Your identification has been saved in /Users/damien/Development/dxe-bump/dx-test_key
Your public key has been saved in /Users/damien/Development/dxe-bump/dx-test_key.pub
The key fingerprint is:
[REDACTED: SSH key fingerprint and local hostname/username, removed by docs/plan-cleanup]
The key's randomart image is:
+--[ED25519 256]--+
|   o.oo..o*o     |
|    +.. o=o+     |
| o = o  .o+.     |
|. B *  ..o.      |
|.+ * + .S.* .    |
|+ + X . E  B     |
|oo B .      .    |
|o.. .            |
|o                |
+----[SHA256]-----+
Building image dx-test-nixos from /Users/damien/Development/dxe-bump/container/aarch64-darwin-apple-container-dx-nixos-26.05...
#1 [resolver] fetching image...docker.io/nixos/nix:2.34.7@sha256:bf1d938835ab96312f098fa6c2e9cab367728e0aad0646ee3e02a787c80d8fb8
#1 DONE 0.0s

#2 [internal] load build definition from Dockerfile
#2 transferring dockerfile: 2B 0.0s done
#2 DONE 0.0s

#3 [internal] load .dockerignore
#3 transferring context: 2B done
#3 DONE 0.0s

#4 oci-layout://docker.io/nixos/nix:2.34.7@sha256:bf1d938835ab96312f098fa6c2e9cab367728e0aad0646ee3e02a787c80d8fb8
#4 resolve docker.io/nixos/nix:2.34.7@sha256:bf1d938835ab96312f098fa6c2e9cab367728e0aad0646ee3e02a787c80d8fb8 done
#4 CACHED

#5 exporting to oci image format
#5 exporting layers done
#5 exporting manifest sha256:8631adedc71d5c812268c06d932ab9ad8d09e319641c0e29112d2646db954f36 done
#5 exporting config sha256:6f2a3750b938a41dba14f06a77611ab5970b6474d1bc2016eeb26cfe6ac9c065 done
#5 exporting manifest list sha256:bd3097c1c59b2c387512e1067ea10814e3976c646e93f38c5ddaf57e57f0c0f5 done
#5 sending tarball
#5 sending tarball 1.2s done
#5 DONE 1.2s
dx-test-nixos:latest
Ensuring nix volume dx-test-nix...
dx-test-nix
Ensuring persist volume dx-test-persist...
dx-test-persist
Ensuring bootstrap volume dx-test-bootstrap...
dx-test-bootstrap
Creating container dx-test from image dx-test-nixos...
dx-test
Starting container dx-test...
dx-test
Syncing bootstrap generation 20260830T232623Z-18149 from /Users/damien/Development/dxe-bump/container/aarch64-darwin-apple-container-dx-nixos-26.05 to dx-test:/guest-bootstrap...
Bootstrap generation 20260830T232623Z-18149 is ready.
Waiting for guest SSH to become responsive...
Bootstrap wait limit: 5465s (approximately 92 minutes). A fresh factory-reset bootstrap can take several minutes.
.....
Bootstrap still running (32s elapsed). Latest guest logs:
  building '/nix/store/1sxbmw03sg1flxq0pcyf8p3mpa7cq26y-builder.pl.drv'...
  copying path '/nix/store/7wgzabh52llqy61jj312061vk0ar3f5j-sudo-1.9.17p2' from 'https://cache.nixos.org'...
  copying path '/nix/store/7vrg0f8xcxacvq4g5bh4rg50p9m1fkp3-util-linux-2.42.2-lastlog' from 'https://cache.nixos.org'...
  copying path '/nix/store/ja1iyl6rxc0k60q1wqkc0sipz58nk0ri-tcb-1.2' from 'https://cache.nixos.org'...
  copying path '/nix/store/69fhlwr106hr1vxzv2i58psn4fk1cwwy-shadow-4.19.4' from 'https://cache.nixos.org'...
.....
Bootstrap still running (62s elapsed). Latest guest logs:
  unpacking 'github:hercules-ci/flake-parts/427bf4bd9435fdf21321c8cc628c24efc14c0f7a?narHash=sha256-4dtXQk/NMePegK/nWp5NSeuZKLATItOq61lpEvmXqGw%3D' into the Git cache...
  unpacking 'github:nix-systems/default/da67096a3b9bf56a91d16901293e51ba5b49a27e?narHash=sha256-Vy1rq5AaRuLzOxct8nz4T6wlgyUR7zLU309k9mBC768%3D' into the Git cache...
  evaluation warning: The `nixpkgs.source` default value has been affected by your flake input `follows`.
                      Nixvim's inputs pin Nixpkgs to `5880666fd9eb563038431edb35c2d0aa595884e6`. Actual Nixpkgs is following `d57af924f160a5084293c71c2043f058bd1cdb60`.
                      Please remove your `inputs.nixvim.inputs.nixpkgs.follows` or explicitly define `nixpkgs.source` to suppress this warning.
.....
Bootstrap still running (93s elapsed). Latest guest logs:
  copying path '/nix/store/lzjcz82vrda0lp874ghsc6lv0kfk6imx-libpng-apng-1.6.58' from 'https://cache.nixos.org'...
  copying path '/nix/store/f9i8f0hfrwinnnxrc6s0b2rl5aaxqz5z-libpwquality-1.4.5-lib' from 'https://cache.nixos.org'...
  copying path '/nix/store/fx7vw20mx60bmm5186anv94b4mp8zxy0-flac-1.5.0' from 'https://cache.nixos.org'...
  copying path '/nix/store/lfi71lyzc6njarvw9b9q1r32idm1d3wc-libraw-0.22.1-lib' from 'https://cache.nixos.org'...
  copying path '/nix/store/7119n05hcav5i97al7qan6k9l47yf17i-libsamplerate-0.2.2' from 'https://cache.nixos.org'...
.....
Bootstrap still running (124s elapsed). Latest guest logs:
  copying path '/nix/store/dbflg5krrkx784id1r236yqnvxjy7i42-glibc-2.42-67-dev' from 'https://cache.nixos.org'...
  copying path '/nix/store/h4maaad7d24wn0qfq0ibv1w3wsqzpjhs-chafa-1.18.2' from 'https://cache.nixos.org'...
  copying path '/nix/store/nqp2384x5z9l6057b7gq3b6xjpa5f6ip-dconf-0.49.0-lib' from 'https://cache.nixos.org'...
  copying path '/nix/store/iz8mwlkrihb4c7vxpa7khsibxxb13i4k-desktop-file-utils-0.28' from 'https://cache.nixos.org'...
  copying path '/nix/store/djspg5nlvyzqhljm364m3afd862n85x6-gdk-pixbuf-2.44.7' from 'https://cache.nixos.org'...
.....
Bootstrap still running (154s elapsed). Latest guest logs:
  copying path '/nix/store/7kbigaw57ngkk3b87vp7jd20cg2cf7km-perl5.42.0-TermReadKey-2.38' from 'https://cache.nixos.org'...
  copying path '/nix/store/mbm9fqyhmy1zfgw2zkf37hha0h37zsw3-perl5.42.0-Test-Needs-0.002010' from 'https://cache.nixos.org'...
  copying path '/nix/store/mkqfp756ra0jzzlglphcwjg0k6lp3b67-perl5.42.0-File-BaseDir-0.09' from 'https://cache.nixos.org'...
  copying path '/nix/store/5j6ksca6iirxmwj8b78zhjrn1mmi60j7-perl5.42.0-Test-RequiresInternet-0.05' from 'https://cache.nixos.org'...
  copying path '/nix/store/hk84sg90q467a7y1rxlf6j1d8r2whi58-icu4c-78.3-dev' from 'https://cache.nixos.org'...
.....
Bootstrap still running (185s elapsed). Latest guest logs:
  copying path '/nix/store/8h0bdihhn63y6bbg6hpj8mb9xsx1sbbq-python-output-dist-hook' from 'https://cache.nixos.org'...
  copying path '/nix/store/hhdbw7w0925a5azql9c0l49jfkbp0283-python-remove-tests-dir-hook' from 'https://cache.nixos.org'...
  copying path '/nix/store/hlqmpdp8r19572pfnqqyxagaq092kndq-openssl-3.6.3-dev' from 'https://cache.nixos.org'...
  copying path '/nix/store/qlvbqlp1l37djccb2nsvwcabdwnv402a-perl5.42.0-CGI-4.59' from 'https://cache.nixos.org'...
  copying path '/nix/store/yrirdsj9f65ky9v9n75rjrz2wyvdwcli-qrencode-4.1.1' from 'https://cache.nixos.org'...
.....
Bootstrap still running (216s elapsed). Latest guest logs:
  copying path '/nix/store/7kcldcx2kja6qikmi89lfnibpflw8204-svt-av1-3.1.2' from 'https://cache.nixos.org'...
  copying path '/nix/store/k9yzvq8i4r105q7xdjm5i3lnjlhbk9l0-tinty-0.32.2' from 'https://cache.nixos.org'...
  copying path '/nix/store/qwrxygc05771pccrrap4rdqmp7iw4rv3-tmuxplugin-continuum-unstable-2022-01-25' from 'https://cache.nixos.org'...
  copying path '/nix/store/pzp42j3mz96zl6av692i3d26xsh4bfbq-tmuxplugin-resurrect-unstable-2022-05-01' from 'https://cache.nixos.org'...
  copying path '/nix/store/13rndjdq7z6h2ypc2x5k1amvj4w8lq83-aws-c-s3-0.8.7' from 'https://cache.nixos.org'...
....
Bootstrap still running (240s elapsed). Latest guest logs:
  copying path '/nix/store/vdqky562p99007wd2a9flb9igyw3n187-tree-sitter-cpp-0.0.0+rev=8b5b49e' from 'https://cache.nixos.org'...
  copying path '/nix/store/l4hgqksbvq5zhfaqxcxp5ch00ygahd08-tree-sitter-css-0.0.0+rev=dda5cfc' from 'https://cache.nixos.org'...
  copying path '/nix/store/7m6shnlg8yvh9y30xg27q267l05pcij7-tree-sitter-csv-0.0.0+rev=f6bf6e3' from 'https://cache.nixos.org'...
  copying path '/nix/store/v3v5fbbjl26xs9vj7kq8hvzaavxr2gx3-tree-sitter-cuda-0.0.0+rev=48b066f' from 'https://cache.nixos.org'...
  copying path '/nix/store/z5yrxjc3ary2bmxbcj2lwjp31b8356a3-tree-sitter-cue-0.0.0+rev=20bb919' from 'https://cache.nixos.org'...
.....
Bootstrap still running (271s elapsed). Latest guest logs:
  copying path '/nix/store/fhis9wjm5h2lkhh2mvv7l9fdnb8m49dl-tree-sitter-r-0.0.0+rev=0e6ef77' from 'https://cache.nixos.org'...
  copying path '/nix/store/ryj2admycr7whpnb0bkk9ibw8b4iaxkq-tree-sitter-racket-0.0.0+rev=54649be' from 'https://cache.nixos.org'...
  copying path '/nix/store/i8yfkligv8li1hy528g4d1x24bc8gwxg-tree-sitter-ralph-0.0.0+rev=f6d81bf' from 'https://cache.nixos.org'...
  copying path '/nix/store/yrzzvanxfqr1wz7yh6wm6qadqm7862ld-tree-sitter-rasi-0.0.0+rev=e735c68' from 'https://cache.nixos.org'...
  copying path '/nix/store/r5n6xdx0zba4sh8lvyrk7r9bc4ak9m2h-tree-sitter-razor-0.0.0+rev=fe46ce5' from 'https://cache.nixos.org'...
.....
Bootstrap still running (302s elapsed). Latest guest logs:
  copying path '/nix/store/wx9zx9z182rfip3vyai6w5l3idd6pwij-util-linux-minimal-2.42.2-bin' from 'https://cache.nixos.org'...
  copying path '/nix/store/0c1c6r4nncd7n33450j2wkp46d674pcr-vimplugin-luajit2.1-nvim-cmp-scm-1-unstable-scm-1' from 'https://cache.nixos.org'...
  building '/nix/store/pm4j2lv0r7f9kakafpwzx0j1al891mza-hm-session-vars.fish.drv'...
  copying path '/nix/store/z97xhfdzynvghii3v05nmb09v7mk01bn-vimplugin-luajit2.1-nvim-web-devicons-0.100-1-unstable-0.100-1' from 'https://cache.nixos.org'...
  copying path '/nix/store/5c4qfwsbnw7bd12rkg4ds1m7ydpx924h-vimplugin-luajit2.1-oil.nvim-2.15.0-1-unstable-2.15.0-1' from 'https://cache.nixos.org'...
.....
Bootstrap still running (332s elapsed). Latest guest logs:
  copying path '/nix/store/s5ag39yp9ppvlywcr26izk5vhqy4l94k-vimplugin-nvim-treesitter-grammar-cylc-0.0.0+rev=6d1d811' from 'https://cache.nixos.org'...
  copying path '/nix/store/4nd5k3ah12f264rz48cjs7wbvgahm71r-vimplugin-nvim-treesitter-grammar-d-0.0.0+rev=fb028c8' from 'https://cache.nixos.org'...
  copying path '/nix/store/jsrj55axghqfhl8a4rh9kma073dg6lr8-vimplugin-nvim-treesitter-grammar-dart-0.0.0+rev=0fc19c3' from 'https://cache.nixos.org'...
  copying path '/nix/store/kz0w2gywqx3yx90rz1c9b0s5ii8arpq6-vimplugin-nvim-treesitter-grammar-desktop-0.0.0+rev=v1.1.1' from 'https://cache.nixos.org'...
  copying path '/nix/store/9szf174mgwkvfir22xhkwqzl8xcfc59s-vimplugin-nvim-treesitter-grammar-devicetree-0.0.0+rev=e685f1f' from 'https://cache.nixos.org'...
.....
Bootstrap still running (363s elapsed). Latest guest logs:
  building '/nix/store/isika6fc2wnl1xh1sx2frhh8nbg913p0-vimplugin-nvim-treesitter-queries-ninja.drv'...
  building '/nix/store/alpncwjnsrgm6qya12gvzwdicjyfncmj-vimplugin-nvim-treesitter-queries-nix.drv'...
  building '/nix/store/x4prclvv16s83h5hxmq50xzqyzqcglkl-vimplugin-nvim-treesitter-queries-nqc.drv'...
  building '/nix/store/35r3xih1ysm52fvxfw6v7dnxw6czadqr-vimplugin-nvim-treesitter-queries-nu.drv'...
  building '/nix/store/jv8ipj2pqcciyzxb7dd2vdfg6kn3chh5-vimplugin-nvim-treesitter-queries-objc.drv'...
.....
Bootstrap still running (394s elapsed). Latest guest logs:
  copying path '/nix/store/4339szsvd6gsmzh2nxqq5wxvcjs97dws-poppler-utils-26.06.0' from 'https://cache.nixos.org'...
  building '/nix/store/3adfk5lp4mwjv30xvdfink83mafqw8ls-source.drv'...
  copying path '/nix/store/g6vnl5787p363dnk2kdc9p5jd11bcgi6-ffmpeg-headless-8.1.2-lib' from 'https://cache.nixos.org'...
  copying path '/nix/store/5fv72azqzh1y4hd0p4w84apdgbzybm6z-gobject-introspection-wrapped-1.86.0' from 'https://cache.nixos.org'...
  copying path '/nix/store/r1ngy5p9w0nqlq4d4kw08jqn1f8wchbg-librsvg-2.62.3' from 'https://cache.nixos.org'...
.....
Bootstrap still running (425s elapsed). Latest guest logs:
  building '/nix/store/fxzj45gv273avyc6557cx42w5zzb88qm-openssh-10.5p1-fish-completions.drv'...
  building '/nix/store/3a9mclmz5li96hfvdlqgng1iz1mgf6sn-procps-4.0.6-fish-completions.drv'...
  building '/nix/store/9cqgmgyhmy7vnpj6wanv7iqkykrsn9nj-ripgrep-15.1.0-fish-completions.drv'...
  building '/nix/store/2qy3vwwr8k796ih5jvlhr0sv10lirxvl-shared-mime-info-2.4-fish-completions.drv'...
  building '/nix/store/ckvlg91pwa9il3ggs4yv57i3p7c54g21-source.drv'...
.....
Bootstrap still running (455s elapsed). Latest guest logs:
  building '/nix/store/647kl53pj18n58sycl9sdmlqpmwpm48p-home-manager-path.drv'...
  building '/nix/store/d0nbivx72y9sadjysxbbiy59j0167j1l-man-paths.drv'...
  building '/nix/store/b4vp9abpd4xm16a2iz12f2j7mkx6m32z-activation-script.drv'...
  building '/nix/store/lw9q0q5h7np892z65has7xkykhqc470l-man-cache.drv'...
  building '/nix/store/c6p5s9a0il9sv6gj24p4shmylmyd7908-nixvim-fish-completions.drv'...
..
Guest is ready.
Connecting to DX guest via SSH...
Environment successfully rebuilt
]110\]111\]104\Step 5: Verifying fresh persistent-home ownership...
Connecting to DX guest via SSH...
]110\]111\]104\=================================================
Factory Reset Test PASSED
=================================================
