Recreating DX environment (preserves /nix and /persist)...
Destroying DX container and image (volumes and keys preserved)...
Stopping DX container: dx-host...
dx-host
Removing container dx-host...
dx-host
Removing image dx-nixos-26.05...
Reclaimed Zero KB in disk space
Bringing up DX environment...
SSH key /Users/damien/Development/dxe/dx_key already exists; skipping generation.
Building image dx-nixos-26.05 from /Users/damien/Development/dxe/container/aarch64-darwin-apple-container-dx-nixos-26.05...
#1 [resolver] fetching image...docker.io/nixos/nix:2.34.7@sha256:bf1d938835ab96312f098fa6c2e9cab367728e0aad0646ee3e02a787c80d8fb8
#1 DONE 0.0s

#2 [internal] load build definition from Dockerfile
#2 transferring dockerfile: 2B 0.0s done
#2 DONE 0.0s

#3 [internal] load .dockerignore
#3 transferring context: 2B done
#3 DONE 0.0s

#4 oci-layout://docker.io/nixos/nix:2.34.7@sha256:bf1d938835ab96312f098fa6c2e9cab367728e0aad0646ee3e02a787c80d8fb8
#4 resolve docker.io/nixos/nix:2.34.7@sha256:bf1d938835ab96312f098fa6c2e9cab367728e0aad0646ee3e02a787c80d8fb8 0.0s done
#4 CACHED

#5 exporting to oci image format
#5 exporting layers done
#5 exporting manifest sha256:8631adedc71d5c812268c06d932ab9ad8d09e319641c0e29112d2646db954f36 done
#5 exporting config sha256:6f2a3750b938a41dba14f06a77611ab5970b6474d1bc2016eeb26cfe6ac9c065 done
#5 exporting manifest list sha256:bd3097c1c59b2c387512e1067ea10814e3976c646e93f38c5ddaf57e57f0c0f5 done
#5 sending tarball
#5 sending tarball 1.5s done
#5 DONE 1.5s
dx-nixos-26.05:latest
Ensuring nix volume dx-nix...
Ensuring persist volume dx-persist...
Ensuring bootstrap volume dx-bootstrap...
Creating container dx-host from image dx-nixos-26.05...
dx-host
Starting container dx-host...
dx-host
Syncing bootstrap generation 20260831T012422Z-97852 from /Users/damien/Development/dxe/container/aarch64-darwin-apple-container-dx-nixos-26.05 to dx-host:/guest-bootstrap...
Bootstrap generation 20260831T012422Z-97852 is ready.
Waiting for guest SSH to become responsive...
Bootstrap wait limit: 5465s (approximately 92 minutes). A fresh factory-reset bootstrap can take several minutes.
.....
Bootstrap still running (32s elapsed). Latest guest logs:
  copying path '/nix/store/7aik52imrqcy16badcm7hx08kkjnm6qi-util-linux-2.42.2-bin' from 'https://cache.nixos.org'...
  copying path '/nix/store/z08v48rv6gj1dw1hinjxmxs5dzd97s3v-procps-4.0.6' from 'https://cache.nixos.org'...
  copying path '/nix/store/kcz18424ab0npdis1r0isxq9rfys09ba-readline-8.3p3' from 'https://cache.nixos.org'...
  copying path '/nix/store/wz3lgq2ramf1w0i3cr3fz1hnjh7g7kdh-bash-interactive-5.3p9' from 'https://cache.nixos.org'...
  copying path '/nix/store/98xy2rz5g35c07x8is0l73rmgvkwqmmj-openssh-10.5p1' from 'https://cache.nixos.org'...
.....
Bootstrap still running (62s elapsed). Latest guest logs:
  copying path '/nix/store/zz95x0ggv0icwfb31chp8sb1wb483n9y-python3.13-u-msgpack-python-2.8.0' from 'https://cache.nixos.org'...
  copying path '/nix/store/g44fxzzqn6ifl6h36vl4yp2pkz65qsq4-vimplugin-nvim-treesitter-grammar-pkl-0.0.0+rev=f5beed1' from 'https://cache.nixos.org'...
  copying path '/nix/store/y13lhric7xif4rbmyva5bz1l9hbrha7k-pypa-install-hook' from 'https://cache.nixos.org'...
  copying path '/nix/store/2m6dv9i4hhqvvcfj6ydqq1pglrqhnrxi-python3.13-markdown-it-py-4.0.0' from 'https://cache.nixos.org'...
  copying path '/nix/store/vv46jg8ngqrk3az6kcarwbkdpi4d5gb9-python-runtime-deps-check-hook.sh' from 'https://cache.nixos.org'...
.....
Bootstrap still running (93s elapsed). Latest guest logs:
  building '/nix/store/28pmpsfd63zhwf8ajsx6hg1h7nf6yran-vimplugin-nvim-treesitter-queries-proto.drv'...
  building '/nix/store/vv1pzbbm50pkc0vgfa18a8xbcz7g836l-vimplugin-nvim-treesitter-queries-prql.drv'...
  building '/nix/store/s8rbr2i5qnlzhmp5l8ydx3lvg2qm383z-vimplugin-nvim-treesitter-queries-psv.drv'...
  building '/nix/store/11ssy8hwwy9rg307f6d9xa9nljh8sz78-vimplugin-nvim-treesitter-queries-pug.drv'...
  building '/nix/store/5wfm1ixf0n1ppgrx48mg0md4kfnvjdiy-vimplugin-nvim-treesitter-queries-puppet.drv'...
.....
Bootstrap still running (123s elapsed). Latest guest logs:
  Bootstrap phase: keyring persistence completed in 0s.
  Setting nushell as the default shell...
  Verifying guest tools...
  Bootstrap phase: final guest tool verification completed in 0s.
  Configuring timezone to Pacific/Auckland...
.
Guest is ready.
Connecting to DX guest via SSH...
open terminal failed: not a terminal
duplicate session: dx
