Recreating DX environment (preserves /nix and /persist)...
Destroying DX container and image (volumes and keys preserved)...
Stopping DX container: dx-test...
dx-test
Removing container dx-test...
dx-test
Removing image dx-test-nixos...
Reclaimed Zero KB in disk space
Bringing up DX environment...
SSH key ~/Development/dxe-bump/dx-test_key already exists; skipping generation.
Building image dx-test-nixos from ~/Development/dxe-bump/container/aarch64-darwin-apple-container-dx-nixos-26.05...
#1 [resolver] fetching image...docker.io/nixos/nix:2.34.7@sha256:bf1d938835ab96312f098fa6c2e9cab367728e0aad0646ee3e02a787c80d8fb8
#1 DONE 0.0s

#2 [internal] load build definition from Dockerfile
#2 transferring dockerfile: 2B 0.0s done
#2 DONE 0.0s

#3 [internal] load .dockerignore
#3 transferring context: 2B done
#3 DONE 0.0s

#4 oci-layout://docker.io/nixos/nix:2.34.7@sha256:bf1d938835ab96312f098fa6c2e9cab367728e0aad0646ee3e02a787c80d8fb8
#4 resolve docker.io/nixos/nix:2.34.7@sha256:bf1d938835ab96312f098fa6c2e9cab367728e0aad0646ee3e02a787c80d8fb8 done
#4 CACHED

#5 exporting to oci image format
#5 exporting layers done
#5 exporting manifest sha256:8631adedc71d5c812268c06d932ab9ad8d09e319641c0e29112d2646db954f36 done
#5 exporting config sha256:6f2a3750b938a41dba14f06a77611ab5970b6474d1bc2016eeb26cfe6ac9c065 done
#5 exporting manifest list sha256:bd3097c1c59b2c387512e1067ea10814e3976c646e93f38c5ddaf57e57f0c0f5 done
#5 sending tarball
#5 sending tarball 1.1s done
#5 DONE 1.1s
dx-test-nixos:latest
Ensuring nix volume dx-test-nix...
Ensuring persist volume dx-test-persist...
Ensuring bootstrap volume dx-test-bootstrap...
Creating container dx-test from image dx-test-nixos...
dx-test
Starting container dx-test...
dx-test
Syncing bootstrap generation 20260830T232037Z-83544 from ~/Development/dxe-bump/container/aarch64-darwin-apple-container-dx-nixos-26.05 to dx-test:/guest-bootstrap...
Bootstrap generation 20260830T232037Z-83544 is ready.
Waiting for guest SSH to become responsive...
Bootstrap wait limit: 5465s (approximately 92 minutes). A fresh factory-reset bootstrap can take several minutes.
.....
Bootstrap still running (32s elapsed). Latest guest logs:
  copying path '/nix/store/pyywxd53zg146qh8j3fxrznnmisa8aax-util-linux-2.42.2-mount' from 'https://cache.nixos.org'...
  copying path '/nix/store/7wgzabh52llqy61jj312061vk0ar3f5j-sudo-1.9.17p2' from 'https://cache.nixos.org'...
  copying path '/nix/store/ja1iyl6rxc0k60q1wqkc0sipz58nk0ri-tcb-1.2' from 'https://cache.nixos.org'...
  copying path '/nix/store/7vrg0f8xcxacvq4g5bh4rg50p9m1fkp3-util-linux-2.42.2-lastlog' from 'https://cache.nixos.org'...
  copying path '/nix/store/69fhlwr106hr1vxzv2i58psn4fk1cwwy-shadow-4.19.4' from 'https://cache.nixos.org'...
...
Guest is ready.
Connecting to DX guest via SSH...
no sessions
open terminal failed: not a terminal
